[
{
  "content": 60,
  "duration": 0.5,
  "gap": 0.5,
  "amp": 1,
  "instrument": "acoustic-guitar"
}
,
{
  "content": 60,
  "duration": 0.5,
  "gap": 0.5,
  "amp": 1,
  "instrument": "acoustic-guitar"
}
,
{
  "content": 67,
  "duration": 0.5,
  "gap": 0.5,
  "amp": 1,
  "instrument": "acoustic-guitar"
}
,
{
  "content": 67,
  "duration": 0.5,
  "gap": 0.5,
  "amp": 1,
  "instrument": "acoustic-guitar"
}
,
{
  "content": 69,
  "duration": 0.5,
  "gap": 0.5,
  "amp": 1,
  "instrument": "acoustic-guitar"
}
,
{
  "content": 69,
  "duration": 0.5,
  "gap": 0.5,
  "amp": 1,
  "instrument": "acoustic-guitar"
}
,
{
  "content": 67,
  "duration": 0.3333333432674408,
  "gap": 0.3333333432674408,
  "amp": 1,
  "instrument": "acoustic-guitar"
}
,
{
  "content": 69,
  "duration": 0.3333333432674408,
  "gap": 0.3333333432674408,
  "amp": 1,
  "instrument": "acoustic-guitar"
}
,
{
  "content": 67,
  "duration": 0.3333333432674408,
  "gap": 0.3333333432674408,
  "amp": 1,
  "instrument": "acoustic-guitar"
}
,
{
  "content": 65,
  "duration": 0.5,
  "gap": 0.5,
  "amp": 1,
  "instrument": "acoustic-guitar"
}
,
{
  "content": 65,
  "duration": 0.5,
  "gap": 0.5,
  "amp": 1,
  "instrument": "acoustic-guitar"
}
,
{
  "content": 64,
  "duration": 0.5,
  "gap": 0.5,
  "amp": 1,
  "instrument": "acoustic-guitar"
}
,
{
  "content": 64,
  "duration": 0.5,
  "gap": 0.5,
  "amp": 1,
  "instrument": "acoustic-guitar"
}
,
{
  "content": 62,
  "duration": 0.5,
  "gap": 0.5,
  "amp": 1,
  "instrument": "acoustic-guitar"
}
,
{
  "content": 62,
  "duration": 0.5,
  "gap": 0.5,
  "amp": 1,
  "instrument": "acoustic-guitar"
}
,
{
  "content": 60,
  "duration": 0.3333333432674408,
  "gap": 0.3333333432674408,
  "amp": 1,
  "instrument": "acoustic-guitar"
}
,
{
  "content": 60,
  "duration": 0.6666666865348816,
  "gap": 0.6666666865348816,
  "amp": 1,
  "instrument": "acoustic-guitar"
}
,
{
  "content": 0,
  "duration": 0,
  "gap": 0,
  "amp": 0,
  "instrument": "dummy"
}

]