[
{
  "freq": 146.82925415039062,
  "duration": 0.4285714328289032,
  "gap": 0.4285714328289032,
  "amp": 1,
  "instrument": "acoustic-guitar"
}
,
{
  "freq": 146.82925415039062,
  "duration": 0.4285714328289032,
  "gap": 0.4285714328289032,
  "amp": 1,
  "instrument": "acoustic-guitar"
}
,
{
  "freq": 219.9953155517578,
  "duration": 0.4285714328289032,
  "gap": 0.4285714328289032,
  "amp": 1,
  "instrument": "acoustic-guitar"
}
,
{
  "freq": 219.9953155517578,
  "duration": 0.4285714328289032,
  "gap": 0.4285714328289032,
  "amp": 1,
  "instrument": "acoustic-guitar"
}
,
{
  "freq": 233.07691955566406,
  "duration": 0.4285714328289032,
  "gap": 0.4285714328289032,
  "amp": 1,
  "instrument": "acoustic-guitar"
}
,
{
  "freq": 233.07691955566406,
  "duration": 0.4285714328289032,
  "gap": 0.4285714328289032,
  "amp": 1,
  "instrument": "acoustic-guitar"
}
,
{
  "freq": 219.9953155517578,
  "duration": 0.8571428656578064,
  "gap": 0.8571428656578064,
  "amp": 1,
  "instrument": "acoustic-guitar"
}
,
{
  "freq": 195.99354553222656,
  "duration": 0.4285714328289032,
  "gap": 0.4285714328289032,
  "amp": 1,
  "instrument": "acoustic-guitar"
}
,
{
  "freq": 195.99354553222656,
  "duration": 0.4285714328289032,
  "gap": 0.4285714328289032,
  "amp": 1,
  "instrument": "acoustic-guitar"
}
,
{
  "freq": 174.6103973388672,
  "duration": 0.4285714328289032,
  "gap": 0.4285714328289032,
  "amp": 1,
  "instrument": "acoustic-guitar"
}
,
{
  "freq": 174.6103973388672,
  "duration": 0.4285714328289032,
  "gap": 0.4285714328289032,
  "amp": 1,
  "instrument": "acoustic-guitar"
}
,
{
  "freq": 164.81027221679688,
  "duration": 0.4285714328289032,
  "gap": 0.4285714328289032,
  "amp": 1,
  "instrument": "acoustic-guitar"
}
,
{
  "freq": 164.81027221679688,
  "duration": 0.4285714328289032,
  "gap": 0.4285714328289032,
  "amp": 1,
  "instrument": "acoustic-guitar"
}
,
{
  "freq": 146.82925415039062,
  "duration": 0.8571428656578064,
  "gap": 0.8571428656578064,
  "amp": 1,
  "instrument": "acoustic-guitar"
}
,
{
  "freq": 0,
  "duration": 0,
  "gap": 0,
  "amp": 0,
  "instrument": "dummy"
}

]