[
{
  "freq": 219.9953155517578,
  "duration": 0.5,
  "gap": 0.5,
  "amp": 1,
  "instrument": "acoustic-guitar"
}
,
{
  "freq": 146.82925415039062,
  "duration": 0.5,
  "gap": 0.5,
  "amp": 1,
  "instrument": "acoustic-guitar"
}
,
{
  "freq": 246.93638610839844,
  "duration": 0.5,
  "gap": 0.5,
  "amp": 1,
  "instrument": "acoustic-guitar"
}
,
{
  "freq": 0,
  "duration": 0,
  "gap": 0,
  "amp": 0,
  "instrument": "dummy"
}

]