[
{
  "freq": 130.80999755859375,
  "duration": 0.5,
  "gap": 0.5,
  "amp": 1,
  "inst": "guitar"
}
,
{
  "freq": 130.80999755859375,
  "duration": 0.5,
  "gap": 0,
  "amp": 1,
  "inst": "guitar"
}
,
{
  "freq": 164.81027221679688,
  "duration": 0.5,
  "gap": 0,
  "amp": 1,
  "inst": "guitar"
}
,
{
  "freq": 195.99354553222656,
  "duration": 0.5,
  "gap": 0,
  "amp": 1,
  "inst": "guitar"
}
,
{
  "freq": 130.80999755859375,
  "duration": 0.5,
  "gap": 0.5,
  "amp": 0,
  "inst": "guitar"
}
,
{
  "freq": 219.9953155517578,
  "duration": 0.25,
  "gap": 0.25,
  "amp": 1,
  "inst": "guitar"
}
,
{
  "freq": 195.99354553222656,
  "duration": 0.125,
  "gap": 0.125,
  "amp": 1,
  "inst": "guitar"
}
,
{
  "freq": 164.81027221679688,
  "duration": 0.5,
  "gap": 0,
  "amp": 1,
  "inst": "guitar"
}
,
{
  "freq": 195.99354553222656,
  "duration": 0.5,
  "gap": 0,
  "amp": 1,
  "inst": "guitar"
}
,
{
  "freq": 130.80999755859375,
  "duration": 0.5,
  "gap": 0.5,
  "amp": 0,
  "inst": "guitar"
}
,
{
  "freq": 174.6103973388672,
  "duration": 0.5,
  "gap": 0.5,
  "amp": 1,
  "inst": "guitar"
}
,
{
  "freq": 174.6103973388672,
  "duration": 0.25,
  "gap": 0,
  "amp": 1,
  "inst": "guitar"
}
,
{
  "freq": 219.9953155517578,
  "duration": 0.25,
  "gap": 0,
  "amp": 1,
  "inst": "guitar"
}
,
{
  "freq": 130.80999755859375,
  "duration": 0.25,
  "gap": 0.25,
  "amp": 0,
  "inst": "guitar"
}
,
{
  "freq": 164.81027221679688,
  "duration": 0.25,
  "gap": 0.25,
  "amp": 1,
  "inst": "guitar"
}
,
{
  "freq": 130.80999755859375,
  "duration": 0.5,
  "gap": 0.5,
  "amp": 1,
  "inst": "guitar"
}
,
{
  "freq": 130.80999755859375,
  "duration": 0.5,
  "gap": 0,
  "amp": 1,
  "inst": "guitar"
}
,
{
  "freq": 164.81027221679688,
  "duration": 0.5,
  "gap": 0,
  "amp": 1,
  "inst": "guitar"
}
,
{
  "freq": 195.99354553222656,
  "duration": 0.5,
  "gap": 0,
  "amp": 1,
  "inst": "guitar"
}
,
{
  "freq": 130.80999755859375,
  "duration": 0.5,
  "gap": 0.5,
  "amp": 0,
  "inst": "guitar"
}
,
{
  "freq": 219.9953155517578,
  "duration": 0.25,
  "gap": 0.25,
  "amp": 1,
  "inst": "guitar"
}
,
{
  "freq": 195.99354553222656,
  "duration": 0.125,
  "gap": 0.125,
  "amp": 1,
  "inst": "guitar"
}
,
{
  "freq": 146.82925415039062,
  "duration": 0.5,
  "gap": 0,
  "amp": 1,
  "inst": "guitar"
}
,
{
  "freq": 174.6103973388672,
  "duration": 0.5,
  "gap": 0,
  "amp": 1,
  "inst": "guitar"
}
,
{
  "freq": 130.80999755859375,
  "duration": 0.5,
  "gap": 0.5,
  "amp": 0,
  "inst": "guitar"
}
,
{
  "freq": 164.81027221679688,
  "duration": 0.25,
  "gap": 0.25,
  "amp": 1,
  "inst": "guitar"
}
,
{
  "freq": 146.82925415039062,
  "duration": 0.25,
  "gap": 0.25,
  "amp": 1,
  "inst": "guitar"
}
,
{
  "freq": 130.80999755859375,
  "duration": 0.125,
  "gap": 0.125,
  "amp": 1,
  "inst": "guitar"
}
,
{
  "freq": 195.99354553222656,
  "duration": 0.5,
  "gap": 0,
  "amp": 1,
  "inst": "guitar"
}
,
{
  "freq": 246.93638610839844,
  "duration": 0.5,
  "gap": 0,
  "amp": 1,
  "inst": "guitar"
}
,
{
  "freq": 130.80999755859375,
  "duration": 0.5,
  "gap": 0.5,
  "amp": 0,
  "inst": "guitar"
}
,
{
  "freq": 174.6103973388672,
  "duration": 0.25,
  "gap": 0,
  "amp": 1,
  "inst": "guitar"
}
,
{
  "freq": 219.9953155517578,
  "duration": 0.25,
  "gap": 0,
  "amp": 1,
  "inst": "guitar"
}
,
{
  "freq": 130.80999755859375,
  "duration": 0.25,
  "gap": 0.25,
  "amp": 0,
  "inst": "guitar"
}
,
{
  "freq": 195.99354553222656,
  "duration": 0.125,
  "gap": 0.125,
  "amp": 1,
  "inst": "guitar"
}
,
{
  "freq": 164.81027221679688,
  "duration": 0.25,
  "gap": 0,
  "amp": 1,
  "inst": "guitar"
}
,
{
  "freq": 195.99354553222656,
  "duration": 0.25,
  "gap": 0,
  "amp": 1,
  "inst": "guitar"
}
,
{
  "freq": 130.80999755859375,
  "duration": 0.25,
  "gap": 0.25,
  "amp": 0,
  "inst": "guitar"
}
,
{
  "freq": 130.80999755859375,
  "duration": 0.5,
  "gap": 0.5,
  "amp": 1,
  "inst": "guitar"
}
,
{
  "freq": 130.80999755859375,
  "duration": 0.5,
  "gap": 0,
  "amp": 1,
  "inst": "guitar"
}
,
{
  "freq": 164.81027221679688,
  "duration": 0.5,
  "gap": 0,
  "amp": 1,
  "inst": "guitar"
}
,
{
  "freq": 195.99354553222656,
  "duration": 0.5,
  "gap": 0,
  "amp": 1,
  "inst": "guitar"
}
,
{
  "freq": 130.80999755859375,
  "duration": 0.5,
  "gap": 0.5,
  "amp": 0,
  "inst": "guitar"
}
,
{
  "freq": 219.9953155517578,
  "duration": 0.25,
  "gap": 0.25,
  "amp": 1,
  "inst": "guitar"
}
,
{
  "freq": 195.99354553222656,
  "duration": 0.125,
  "gap": 0.125,
  "amp": 1,
  "inst": "guitar"
}
,
{
  "freq": 130.80999755859375,
  "duration": 0.25,
  "gap": 0.25,
  "amp": 1,
  "inst": "guitar"
}
,
{
  "freq": 130.80999755859375,
  "duration": 0.5,
  "gap": 0,
  "amp": 1,
  "inst": "guitar"
}
,
{
  "freq": 174.6103973388672,
  "duration": 0.5,
  "gap": 0,
  "amp": 1,
  "inst": "guitar"
}
,
{
  "freq": 219.9953155517578,
  "duration": 0.5,
  "gap": 0,
  "amp": 1,
  "inst": "guitar"
}
,
{
  "freq": 130.80999755859375,
  "duration": 0.5,
  "gap": 0.5,
  "amp": 0,
  "inst": "guitar"
}
,
{
  "freq": 174.6103973388672,
  "duration": 0.125,
  "gap": 0.125,
  "amp": 1,
  "inst": "guitar"
}
,
{
  "freq": 146.82925415039062,
  "duration": 0.25,
  "gap": 0,
  "amp": 1,
  "inst": "guitar"
}
,
{
  "freq": 195.99354553222656,
  "duration": 0.25,
  "gap": 0,
  "amp": 1,
  "inst": "guitar"
}
,
{
  "freq": 130.80999755859375,
  "duration": 0.25,
  "gap": 0.25,
  "amp": 0,
  "inst": "guitar"
}
,
{
  "freq": 195.99354553222656,
  "duration": 0.5,
  "gap": 0.5,
  "amp": 1,
  "inst": "guitar"
}
,
{
  "freq": 174.6103973388672,
  "duration": 0.5,
  "gap": 0.5,
  "amp": 1,
  "inst": "guitar"
}
,
{
  "freq": 164.81027221679688,
  "duration": 0.25,
  "gap": 0,
  "amp": 1,
  "inst": "guitar"
}
,
{
  "freq": 195.99354553222656,
  "duration": 0.25,
  "gap": 0,
  "amp": 1,
  "inst": "guitar"
}
,
{
  "freq": 130.80999755859375,
  "duration": 0.25,
  "gap": 0.25,
  "amp": 0,
  "inst": "guitar"
}
,
{
  "freq": 146.82925415039062,
  "duration": 0.125,
  "gap": 0.125,
  "amp": 1,
  "inst": "guitar"
}
,
{
  "freq": 0,
  "duration": 0,
  "gap": 0,
  "amp": 0,
  "inst": "guitar"
}

]