[
{
  "freq": 146.82925415039062,
  "duration": 1,
  "gap": 0,
  "amp": 1,
  "instrument": "acoustic-guitar"
}
,
{
  "freq": 174.6103973388672,
  "duration": 1,
  "gap": 0,
  "amp": 1,
  "instrument": "acoustic-guitar"
}
,
{
  "freq": 219.9953155517578,
  "duration": 1,
  "gap": 0,
  "amp": 1,
  "instrument": "acoustic-guitar"
}
,
{
  "freq": 0.000000000000000000000011373491242306228,
  "duration": 1,
  "gap": 1,
  "amp": 0,
  "instrument": "acoustic-guitar"
}
,
{
  "freq": 195.99354553222656,
  "duration": 1,
  "gap": 0,
  "amp": 1,
  "instrument": "acoustic-guitar"
}
,
{
  "freq": 246.93638610839844,
  "duration": 1,
  "gap": 0,
  "amp": 1,
  "instrument": "acoustic-guitar"
}
,
{
  "freq": 261.6199951171875,
  "duration": 1,
  "gap": 0,
  "amp": 1,
  "instrument": "acoustic-guitar"
}
,
{
  "freq": 0.000000000000000000000011373491242306228,
  "duration": 1,
  "gap": 1,
  "amp": 0,
  "instrument": "acoustic-guitar"
}
,
{
  "freq": 130.80999755859375,
  "duration": 1,
  "gap": 0,
  "amp": 1,
  "instrument": "acoustic-guitar"
}
,
{
  "freq": 164.81027221679688,
  "duration": 1,
  "gap": 0,
  "amp": 1,
  "instrument": "acoustic-guitar"
}
,
{
  "freq": 195.99354553222656,
  "duration": 1,
  "gap": 0,
  "amp": 1,
  "instrument": "acoustic-guitar"
}
,
{
  "freq": 0.000000000000000000000011373491242306228,
  "duration": 1,
  "gap": 1,
  "amp": 0,
  "instrument": "acoustic-guitar"
}
,
{
  "freq": 0.000000000000000000000011373491242306228,
  "duration": 1,
  "gap": 1,
  "amp": 0,
  "instrument": "acoustic-guitar"
}
,
{
  "freq": 146.82925415039062,
  "duration": 1,
  "gap": 0,
  "amp": 1,
  "instrument": "acoustic-guitar"
}
,
{
  "freq": 174.6103973388672,
  "duration": 1,
  "gap": 0,
  "amp": 1,
  "instrument": "acoustic-guitar"
}
,
{
  "freq": 219.9953155517578,
  "duration": 1,
  "gap": 0,
  "amp": 1,
  "instrument": "acoustic-guitar"
}
,
{
  "freq": 0.000000000000000000000011373491242306228,
  "duration": 1,
  "gap": 1,
  "amp": 0,
  "instrument": "acoustic-guitar"
}
,
{
  "freq": 195.99354553222656,
  "duration": 1,
  "gap": 0,
  "amp": 1,
  "instrument": "acoustic-guitar"
}
,
{
  "freq": 246.93638610839844,
  "duration": 1,
  "gap": 0,
  "amp": 1,
  "instrument": "acoustic-guitar"
}
,
{
  "freq": 261.6199951171875,
  "duration": 1,
  "gap": 0,
  "amp": 1,
  "instrument": "acoustic-guitar"
}
,
{
  "freq": 0.000000000000000000000011373491242306228,
  "duration": 1,
  "gap": 1,
  "amp": 0,
  "instrument": "acoustic-guitar"
}
,
{
  "freq": 130.80999755859375,
  "duration": 1,
  "gap": 0,
  "amp": 1,
  "instrument": "acoustic-guitar"
}
,
{
  "freq": 164.81027221679688,
  "duration": 1,
  "gap": 0,
  "amp": 1,
  "instrument": "acoustic-guitar"
}
,
{
  "freq": 195.99354553222656,
  "duration": 1,
  "gap": 0,
  "amp": 1,
  "instrument": "acoustic-guitar"
}
,
{
  "freq": 0.000000000000000000000011373491242306228,
  "duration": 1,
  "gap": 1,
  "amp": 0,
  "instrument": "acoustic-guitar"
}
,
{
  "freq": 130.80999755859375,
  "duration": 1,
  "gap": 0,
  "amp": 1,
  "instrument": "acoustic-guitar"
}
,
{
  "freq": 164.81027221679688,
  "duration": 1,
  "gap": 0,
  "amp": 1,
  "instrument": "acoustic-guitar"
}
,
{
  "freq": 195.99354553222656,
  "duration": 1,
  "gap": 0,
  "amp": 1,
  "instrument": "acoustic-guitar"
}
,
{
  "freq": 0.000000000000000000000011373491242306228,
  "duration": 1,
  "gap": 1,
  "amp": 0,
  "instrument": "acoustic-guitar"
}
,
{
  "freq": 0,
  "duration": 0,
  "gap": 0,
  "amp": 0,
  "instrument": "dummy"
}

]