[
{
  "content": 1,
  "duration": 0.5,
  "gap": 0.5,
  "amp": 1,
  "instrument": "acoustic-guitar"
}
,
{
  "content": 2,
  "duration": 0.5,
  "gap": 0.5,
  "amp": 1,
  "instrument": "acoustic-guitar"
}
,
{
  "content": 0,
  "duration": 0.5,
  "gap": 0.5,
  "amp": 1,
  "instrument": "acoustic-guitar"
}
,
{
  "content": 2,
  "duration": 0.5,
  "gap": 0.5,
  "amp": 1,
  "instrument": "acoustic-guitar"
}
,
{
  "content": 0,
  "duration": 0,
  "gap": 0,
  "amp": 0,
  "instrument": "dummy"
}

]