[
{
  "content": -930,
  "duration": 0.25,
  "gap": 0,
  "amp": 0,
  "instrument": "acoustic-guitar"
}
,
{
  "content": 66,
  "duration": 0.5,
  "gap": 0,
  "amp": 0.5,
  "instrument": "sine-midikeyboard"
}
,
{
  "content": -930,
  "duration": 0.25,
  "gap": 0.25,
  "amp": 0,
  "instrument": "triangle-midikeyboard"
}
,
{
  "content": 71,
  "duration": 0.25,
  "gap": 0,
  "amp": 0.33000001311302185,
  "instrument": "acoustic-guitar"
}
,
{
  "content": 74,
  "duration": 0.25,
  "gap": 0,
  "amp": 0.33000001311302185,
  "instrument": "acoustic-guitar"
}
,
{
  "content": 81,
  "duration": 0.25,
  "gap": 0,
  "amp": 0.33000001311302185,
  "instrument": "acoustic-guitar"
}
,
{
  "content": -930,
  "duration": 0.25,
  "gap": 0,
  "amp": 0,
  "instrument": "acoustic-guitar"
}
,
{
  "content": 81,
  "duration": 0.25,
  "gap": 0.25,
  "amp": 0.33000001311302185,
  "instrument": "triangle-midikeyboard"
}
,
{
  "content": -930,
  "duration": 0.25,
  "gap": 0,
  "amp": 0,
  "instrument": "acoustic-guitar"
}
,
{
  "content": 68,
  "duration": 0.5,
  "gap": 0,
  "amp": 0.5,
  "instrument": "sine-midikeyboard"
}
,
{
  "content": 74,
  "duration": 0.25,
  "gap": 0.25,
  "amp": 0.33000001311302185,
  "instrument": "triangle-midikeyboard"
}
,
{
  "content": 71,
  "duration": 0.25,
  "gap": 0,
  "amp": 0.33000001311302185,
  "instrument": "acoustic-guitar"
}
,
{
  "content": 74,
  "duration": 0.25,
  "gap": 0,
  "amp": 0.33000001311302185,
  "instrument": "acoustic-guitar"
}
,
{
  "content": 81,
  "duration": 0.25,
  "gap": 0,
  "amp": 0.33000001311302185,
  "instrument": "acoustic-guitar"
}
,
{
  "content": -930,
  "duration": 0.25,
  "gap": 0,
  "amp": 0,
  "instrument": "acoustic-guitar"
}
,
{
  "content": 71,
  "duration": 0.25,
  "gap": 0.25,
  "amp": 0.33000001311302185,
  "instrument": "triangle-midikeyboard"
}
,
{
  "content": -930,
  "duration": 0.25,
  "gap": 0,
  "amp": 0,
  "instrument": "acoustic-guitar"
}
,
{
  "content": 71,
  "duration": 0.5,
  "gap": 0,
  "amp": 0.5,
  "instrument": "sine-midikeyboard"
}
,
{
  "content": -930,
  "duration": 0.5,
  "gap": 0.25,
  "amp": 0,
  "instrument": "triangle-midikeyboard"
}
,
{
  "content": 71,
  "duration": 0.25,
  "gap": 0,
  "amp": 0.33000001311302185,
  "instrument": "acoustic-guitar"
}
,
{
  "content": 74,
  "duration": 0.25,
  "gap": 0,
  "amp": 0.33000001311302185,
  "instrument": "acoustic-guitar"
}
,
{
  "content": 81,
  "duration": 0.25,
  "gap": 0,
  "amp": 0.33000001311302185,
  "instrument": "acoustic-guitar"
}
,
{
  "content": -930,
  "duration": 0.25,
  "gap": 0.25,
  "amp": 0,
  "instrument": "acoustic-guitar"
}
,
{
  "content": -930,
  "duration": 0.25,
  "gap": 0,
  "amp": 0,
  "instrument": "acoustic-guitar"
}
,
{
  "content": 60,
  "duration": 0.5,
  "gap": 0,
  "amp": 0.5,
  "instrument": "sine-midikeyboard"
}
,
{
  "content": 78,
  "duration": 0.25,
  "gap": 0.25,
  "amp": 0.33000001311302185,
  "instrument": "triangle-midikeyboard"
}
,
{
  "content": 71,
  "duration": 0.25,
  "gap": 0,
  "amp": 0.33000001311302185,
  "instrument": "acoustic-guitar"
}
,
{
  "content": 74,
  "duration": 0.25,
  "gap": 0,
  "amp": 0.33000001311302185,
  "instrument": "acoustic-guitar"
}
,
{
  "content": 81,
  "duration": 0.25,
  "gap": 0,
  "amp": 0.33000001311302185,
  "instrument": "acoustic-guitar"
}
,
{
  "content": -930,
  "duration": 0.25,
  "gap": 0,
  "amp": 0,
  "instrument": "acoustic-guitar"
}
,
{
  "content": 73,
  "duration": 0.25,
  "gap": 0.25,
  "amp": 0.33000001311302185,
  "instrument": "triangle-midikeyboard"
}
,
{
  "content": -930,
  "duration": 0.25,
  "gap": 0,
  "amp": 0,
  "instrument": "acoustic-guitar"
}
,
{
  "content": 61,
  "duration": 0.25,
  "gap": 0,
  "amp": 0.5,
  "instrument": "sine-midikeyboard"
}
,
{
  "content": 74,
  "duration": 0.25,
  "gap": 0.25,
  "amp": 0.33000001311302185,
  "instrument": "triangle-midikeyboard"
}
,
{
  "content": 76,
  "duration": 0.25,
  "gap": 0,
  "amp": 0.33000001311302185,
  "instrument": "acoustic-guitar"
}
,
{
  "content": 80,
  "duration": 0.25,
  "gap": 0,
  "amp": 0.33000001311302185,
  "instrument": "acoustic-guitar"
}
,
{
  "content": 83,
  "duration": 0.25,
  "gap": 0,
  "amp": 0.33000001311302185,
  "instrument": "acoustic-guitar"
}
,
{
  "content": -930,
  "duration": 0.25,
  "gap": 0,
  "amp": 0,
  "instrument": "acoustic-guitar"
}
,
{
  "content": 64,
  "duration": 0.25,
  "gap": 0,
  "amp": 0.5,
  "instrument": "sine-midikeyboard"
}
,
{
  "content": 76,
  "duration": 0.25,
  "gap": 0.25,
  "amp": 0.33000001311302185,
  "instrument": "triangle-midikeyboard"
}
,
{
  "content": -930,
  "duration": 0.25,
  "gap": 0,
  "amp": 0,
  "instrument": "acoustic-guitar"
}
,
{
  "content": 68,
  "duration": 0.5,
  "gap": 0,
  "amp": 0.5,
  "instrument": "sine-midikeyboard"
}
,
{
  "content": 74,
  "duration": 0.25,
  "gap": 0.25,
  "amp": 0.33000001311302185,
  "instrument": "triangle-midikeyboard"
}
,
{
  "content": 76,
  "duration": 0.25,
  "gap": 0,
  "amp": 0.33000001311302185,
  "instrument": "acoustic-guitar"
}
,
{
  "content": 80,
  "duration": 0.25,
  "gap": 0,
  "amp": 0.33000001311302185,
  "instrument": "acoustic-guitar"
}
,
{
  "content": 83,
  "duration": 0.25,
  "gap": 0,
  "amp": 0.33000001311302185,
  "instrument": "acoustic-guitar"
}
,
{
  "content": -930,
  "duration": 0.25,
  "gap": 0,
  "amp": 0,
  "instrument": "acoustic-guitar"
}
,
{
  "content": -930,
  "duration": 0.25,
  "gap": 0.25,
  "amp": 0,
  "instrument": "triangle-midikeyboard"
}
,
{
  "content": -930,
  "duration": 0.25,
  "gap": 0,
  "amp": 0,
  "instrument": "acoustic-guitar"
}
,
{
  "content": 67,
  "duration": 0.5,
  "gap": 0,
  "amp": 0.5,
  "instrument": "sine-midikeyboard"
}
,
{
  "content": 71,
  "duration": 0.25,
  "gap": 0.25,
  "amp": 0.33000001311302185,
  "instrument": "triangle-midikeyboard"
}
,
{
  "content": 76,
  "duration": 0.25,
  "gap": 0,
  "amp": 0.33000001311302185,
  "instrument": "acoustic-guitar"
}
,
{
  "content": 80,
  "duration": 0.25,
  "gap": 0,
  "amp": 0.33000001311302185,
  "instrument": "acoustic-guitar"
}
,
{
  "content": 83,
  "duration": 0.25,
  "gap": 0,
  "amp": 0.33000001311302185,
  "instrument": "acoustic-guitar"
}
,
{
  "content": -930,
  "duration": 0.25,
  "gap": 0,
  "amp": 0,
  "instrument": "acoustic-guitar"
}
,
{
  "content": 72,
  "duration": 0.25,
  "gap": 0.25,
  "amp": 0.33000001311302185,
  "instrument": "triangle-midikeyboard"
}
,
{
  "content": -930,
  "duration": 0.25,
  "gap": 0,
  "amp": 0,
  "instrument": "acoustic-guitar"
}
,
{
  "content": 66,
  "duration": 0.5,
  "gap": 0,
  "amp": 0.5,
  "instrument": "sine-midikeyboard"
}
,
{
  "content": -930,
  "duration": 0.25,
  "gap": 0.25,
  "amp": 0,
  "instrument": "triangle-midikeyboard"
}
,
{
  "content": 76,
  "duration": 0.25,
  "gap": 0,
  "amp": 0.33000001311302185,
  "instrument": "acoustic-guitar"
}
,
{
  "content": 80,
  "duration": 0.25,
  "gap": 0,
  "amp": 0.33000001311302185,
  "instrument": "acoustic-guitar"
}
,
{
  "content": 83,
  "duration": 0.25,
  "gap": 0,
  "amp": 0.33000001311302185,
  "instrument": "acoustic-guitar"
}
,
{
  "content": -930,
  "duration": 0.25,
  "gap": 0,
  "amp": 0,
  "instrument": "acoustic-guitar"
}
,
{
  "content": 80,
  "duration": 0.25,
  "gap": 0.25,
  "amp": 0.33000001311302185,
  "instrument": "triangle-midikeyboard"
}
,
{
  "content": -930,
  "duration": 0.25,
  "gap": 0,
  "amp": 0,
  "instrument": "acoustic-guitar"
}
,
{
  "content": 64,
  "duration": 0.5,
  "gap": 0,
  "amp": 0.5,
  "instrument": "sine-midikeyboard"
}
,
{
  "content": 69,
  "duration": 0.25,
  "gap": 0.25,
  "amp": 0.33000001311302185,
  "instrument": "triangle-midikeyboard"
}
,
{
  "content": 69,
  "duration": 0.25,
  "gap": 0,
  "amp": 0.33000001311302185,
  "instrument": "acoustic-guitar"
}
,
{
  "content": 73,
  "duration": 0.25,
  "gap": 0,
  "amp": 0.33000001311302185,
  "instrument": "acoustic-guitar"
}
,
{
  "content": 80,
  "duration": 0.25,
  "gap": 0,
  "amp": 0.33000001311302185,
  "instrument": "acoustic-guitar"
}
,
{
  "content": -930,
  "duration": 0.25,
  "gap": 0,
  "amp": 0,
  "instrument": "acoustic-guitar"
}
,
{
  "content": 73,
  "duration": 0.125,
  "gap": 0.125,
  "amp": 0.33000001311302185,
  "instrument": "triangle-midikeyboard"
}
,
{
  "content": 72,
  "duration": 0.125,
  "gap": 0.125,
  "amp": 0.33000001311302185,
  "instrument": "triangle-midikeyboard"
}
,
{
  "content": -930,
  "duration": 0.25,
  "gap": 0,
  "amp": 0,
  "instrument": "acoustic-guitar"
}
,
{
  "content": 57,
  "duration": 0.5,
  "gap": 0,
  "amp": 0.5,
  "instrument": "sine-midikeyboard"
}
,
{
  "content": 71,
  "duration": 0.125,
  "gap": 0.125,
  "amp": 0.33000001311302185,
  "instrument": "triangle-midikeyboard"
}
,
{
  "content": 79,
  "duration": 0.125,
  "gap": 0.125,
  "amp": 0.33000001311302185,
  "instrument": "triangle-midikeyboard"
}
,
{
  "content": 69,
  "duration": 0.25,
  "gap": 0,
  "amp": 0.33000001311302185,
  "instrument": "acoustic-guitar"
}
,
{
  "content": 73,
  "duration": 0.25,
  "gap": 0,
  "amp": 0.33000001311302185,
  "instrument": "acoustic-guitar"
}
,
{
  "content": 80,
  "duration": 0.25,
  "gap": 0,
  "amp": 0.33000001311302185,
  "instrument": "acoustic-guitar"
}
,
{
  "content": -930,
  "duration": 0.25,
  "gap": 0,
  "amp": 0,
  "instrument": "acoustic-guitar"
}
,
{
  "content": -930,
  "duration": 1,
  "gap": 0.25,
  "amp": 0,
  "instrument": "triangle-midikeyboard"
}
,
{
  "content": -930,
  "duration": 0.25,
  "gap": 0,
  "amp": 0,
  "instrument": "acoustic-guitar"
}
,
{
  "content": 60,
  "duration": 0.25,
  "gap": 0.25,
  "amp": 0.5,
  "instrument": "sine-midikeyboard"
}
,
{
  "content": 69,
  "duration": 0.25,
  "gap": 0,
  "amp": 0.33000001311302185,
  "instrument": "acoustic-guitar"
}
,
{
  "content": 73,
  "duration": 0.25,
  "gap": 0,
  "amp": 0.33000001311302185,
  "instrument": "acoustic-guitar"
}
,
{
  "content": 80,
  "duration": 0.25,
  "gap": 0,
  "amp": 0.33000001311302185,
  "instrument": "acoustic-guitar"
}
,
{
  "content": -930,
  "duration": 0.25,
  "gap": 0,
  "amp": 0,
  "instrument": "acoustic-guitar"
}
,
{
  "content": 61,
  "duration": 0.25,
  "gap": 0.25,
  "amp": 0.5,
  "instrument": "sine-midikeyboard"
}
,
{
  "content": -930,
  "duration": 0.25,
  "gap": 0,
  "amp": 0,
  "instrument": "acoustic-guitar"
}
,
{
  "content": 64,
  "duration": 0.5,
  "gap": 0.25,
  "amp": 0.5,
  "instrument": "sine-midikeyboard"
}
,
{
  "content": 69,
  "duration": 0.25,
  "gap": 0,
  "amp": 0.33000001311302185,
  "instrument": "acoustic-guitar"
}
,
{
  "content": 73,
  "duration": 0.25,
  "gap": 0,
  "amp": 0.33000001311302185,
  "instrument": "acoustic-guitar"
}
,
{
  "content": 80,
  "duration": 0.25,
  "gap": 0,
  "amp": 0.33000001311302185,
  "instrument": "acoustic-guitar"
}
,
{
  "content": -930,
  "duration": 0.25,
  "gap": 0,
  "amp": 0,
  "instrument": "acoustic-guitar"
}
,
{
  "content": 67,
  "duration": 0.25,
  "gap": 0.25,
  "amp": 0.33000001311302185,
  "instrument": "triangle-midikeyboard"
}
,
{
  "content": -930,
  "duration": 0.25,
  "gap": 0,
  "amp": 0,
  "instrument": "acoustic-guitar"
}
,
{
  "content": -942,
  "duration": 0.25,
  "gap": 0,
  "amp": 0,
  "instrument": "sine-midikeyboard"
}
,
{
  "content": 68,
  "duration": 0.25,
  "gap": 0.25,
  "amp": 0.33000001311302185,
  "instrument": "triangle-midikeyboard"
}
,
{
  "content": 69,
  "duration": 0.25,
  "gap": 0,
  "amp": 0.33000001311302185,
  "instrument": "acoustic-guitar"
}
,
{
  "content": 73,
  "duration": 0.25,
  "gap": 0,
  "amp": 0.33000001311302185,
  "instrument": "acoustic-guitar"
}
,
{
  "content": 80,
  "duration": 0.25,
  "gap": 0,
  "amp": 0.33000001311302185,
  "instrument": "acoustic-guitar"
}
,
{
  "content": -930,
  "duration": 0.25,
  "gap": 0,
  "amp": 0,
  "instrument": "acoustic-guitar"
}
,
{
  "content": 57,
  "duration": 0.25,
  "gap": 0,
  "amp": 0.5,
  "instrument": "sine-midikeyboard"
}
,
{
  "content": 68,
  "duration": 0.25,
  "gap": 0,
  "amp": 0.33000001311302185,
  "instrument": "triangle-midikeyboard"
}
,
{
  "content": 71,
  "duration": 0.25,
  "gap": 0,
  "amp": 0.33000001311302185,
  "instrument": "triangle-midikeyboard"
}
,
{
  "content": 73,
  "duration": 0.25,
  "gap": 0,
  "amp": 0.33000001311302185,
  "instrument": "triangle-midikeyboard"
}
,
{
  "content": 76,
  "duration": 0.25,
  "gap": 0,
  "amp": 0.33000001311302185,
  "instrument": "triangle-midikeyboard"
}
,
{
  "content": 78,
  "duration": 0.25,
  "gap": 0,
  "amp": 0.33000001311302185,
  "instrument": "triangle-midikeyboard"
}
,
{
  "content": -930,
  "duration": 0.25,
  "gap": 0.25,
  "amp": 0,
  "instrument": "triangle-midikeyboard"
}
,
{
  "content": 69,
  "duration": 0.25,
  "gap": 0,
  "amp": 0.33000001311302185,
  "instrument": "acoustic-guitar"
}
,
{
  "content": 73,
  "duration": 0.25,
  "gap": 0,
  "amp": 0.33000001311302185,
  "instrument": "acoustic-guitar"
}
,
{
  "content": 80,
  "duration": 0.25,
  "gap": 0,
  "amp": 0.33000001311302185,
  "instrument": "acoustic-guitar"
}
,
{
  "content": -930,
  "duration": 0.25,
  "gap": 0,
  "amp": 0,
  "instrument": "acoustic-guitar"
}
,
{
  "content": 64,
  "duration": 0.25,
  "gap": 0,
  "amp": 0.5,
  "instrument": "sine-midikeyboard"
}
,
{
  "content": 68,
  "duration": 0.25,
  "gap": 0,
  "amp": 0.33000001311302185,
  "instrument": "triangle-midikeyboard"
}
,
{
  "content": 71,
  "duration": 0.25,
  "gap": 0,
  "amp": 0.33000001311302185,
  "instrument": "triangle-midikeyboard"
}
,
{
  "content": 73,
  "duration": 0.25,
  "gap": 0,
  "amp": 0.33000001311302185,
  "instrument": "triangle-midikeyboard"
}
,
{
  "content": 76,
  "duration": 0.25,
  "gap": 0,
  "amp": 0.33000001311302185,
  "instrument": "triangle-midikeyboard"
}
,
{
  "content": 78,
  "duration": 0.25,
  "gap": 0,
  "amp": 0.33000001311302185,
  "instrument": "triangle-midikeyboard"
}
,
{
  "content": -930,
  "duration": 0.25,
  "gap": 0.25,
  "amp": 0,
  "instrument": "triangle-midikeyboard"
}
,
{
  "content": -930,
  "duration": 0.25,
  "gap": 0,
  "amp": 0,
  "instrument": "acoustic-guitar"
}
,
{
  "content": -942,
  "duration": 0.25,
  "gap": 0,
  "amp": 0,
  "instrument": "sine-midikeyboard"
}
,
{
  "content": -930,
  "duration": 0.25,
  "gap": 0.25,
  "amp": 0,
  "instrument": "triangle-midikeyboard"
}
,
{
  "content": -930,
  "duration": 0.25,
  "gap": 0,
  "amp": 0,
  "instrument": "acoustic-guitar"
}
,
{
  "content": -942,
  "duration": 0.25,
  "gap": 0,
  "amp": 0,
  "instrument": "sine-midikeyboard"
}
,
{
  "content": -930,
  "duration": 0.25,
  "gap": 0.25,
  "amp": 0,
  "instrument": "triangle-midikeyboard"
}
,
{
  "content": 69,
  "duration": 0.25,
  "gap": 0,
  "amp": 0.33000001311302185,
  "instrument": "acoustic-guitar"
}
,
{
  "content": 73,
  "duration": 0.25,
  "gap": 0,
  "amp": 0.33000001311302185,
  "instrument": "acoustic-guitar"
}
,
{
  "content": 80,
  "duration": 0.25,
  "gap": 0,
  "amp": 0.33000001311302185,
  "instrument": "acoustic-guitar"
}
,
{
  "content": -930,
  "duration": 0.25,
  "gap": 0,
  "amp": 0,
  "instrument": "acoustic-guitar"
}
,
{
  "content": 68,
  "duration": 0.25,
  "gap": 0,
  "amp": 0.5,
  "instrument": "sine-midikeyboard"
}
,
{
  "content": 68,
  "duration": 0.25,
  "gap": 0,
  "amp": 0.33000001311302185,
  "instrument": "triangle-midikeyboard"
}
,
{
  "content": 71,
  "duration": 0.25,
  "gap": 0,
  "amp": 0.33000001311302185,
  "instrument": "triangle-midikeyboard"
}
,
{
  "content": 73,
  "duration": 0.25,
  "gap": 0,
  "amp": 0.33000001311302185,
  "instrument": "triangle-midikeyboard"
}
,
{
  "content": 76,
  "duration": 0.25,
  "gap": 0,
  "amp": 0.33000001311302185,
  "instrument": "triangle-midikeyboard"
}
,
{
  "content": 78,
  "duration": 0.25,
  "gap": 0,
  "amp": 0.33000001311302185,
  "instrument": "triangle-midikeyboard"
}
,
{
  "content": 84,
  "duration": 0.25,
  "gap": 0,
  "amp": 0.33000001311302185,
  "instrument": "triangle-midikeyboard"
}
,
{
  "content": -930,
  "duration": 0.25,
  "gap": 0.25,
  "amp": 0,
  "instrument": "triangle-midikeyboard"
}
,
{
  "content": 69,
  "duration": 0.25,
  "gap": 0,
  "amp": 0.33000001311302185,
  "instrument": "acoustic-guitar"
}
,
{
  "content": 73,
  "duration": 0.25,
  "gap": 0,
  "amp": 0.33000001311302185,
  "instrument": "acoustic-guitar"
}
,
{
  "content": 80,
  "duration": 0.25,
  "gap": 0,
  "amp": 0.33000001311302185,
  "instrument": "acoustic-guitar"
}
,
{
  "content": -930,
  "duration": 0.25,
  "gap": 0,
  "amp": 0,
  "instrument": "acoustic-guitar"
}
,
{
  "content": 69,
  "duration": 0.25,
  "gap": 0,
  "amp": 0.5,
  "instrument": "sine-midikeyboard"
}
,
{
  "content": 68,
  "duration": 0.25,
  "gap": 0,
  "amp": 0.33000001311302185,
  "instrument": "triangle-midikeyboard"
}
,
{
  "content": 71,
  "duration": 0.25,
  "gap": 0,
  "amp": 0.33000001311302185,
  "instrument": "triangle-midikeyboard"
}
,
{
  "content": 73,
  "duration": 0.25,
  "gap": 0,
  "amp": 0.33000001311302185,
  "instrument": "triangle-midikeyboard"
}
,
{
  "content": 76,
  "duration": 0.25,
  "gap": 0,
  "amp": 0.33000001311302185,
  "instrument": "triangle-midikeyboard"
}
,
{
  "content": 78,
  "duration": 0.25,
  "gap": 0,
  "amp": 0.33000001311302185,
  "instrument": "triangle-midikeyboard"
}
,
{
  "content": 84,
  "duration": 0.25,
  "gap": 0,
  "amp": 0.33000001311302185,
  "instrument": "triangle-midikeyboard"
}
,
{
  "content": -930,
  "duration": 0.25,
  "gap": 0.25,
  "amp": 0,
  "instrument": "triangle-midikeyboard"
}
,
{
  "content": -930,
  "duration": 0.25,
  "gap": 0,
  "amp": 0,
  "instrument": "acoustic-guitar"
}
,
{
  "content": -942,
  "duration": 0.25,
  "gap": 0,
  "amp": 0,
  "instrument": "sine-midikeyboard"
}
,
{
  "content": -930,
  "duration": 0.25,
  "gap": 0.25,
  "amp": 0,
  "instrument": "triangle-midikeyboard"
}
,
{
  "content": 0,
  "duration": 0,
  "gap": 0,
  "amp": 0,
  "instrument": "dummy"
}

]