[
{
  "freq": 130.80999755859375,
  "duration": 0.5,
  "gap": 0.5,
  "amp": 1,
  "instrument": "acoustic-guitar"
}
,
{
  "freq": 164.81027221679688,
  "duration": 0.5,
  "gap": 0.5,
  "amp": 1,
  "instrument": "acoustic-guitar"
}
,
{
  "freq": 195.99354553222656,
  "duration": 0.5,
  "gap": 0.5,
  "amp": 1,
  "instrument": "acoustic-guitar"
}
,
{
  "freq": 164.81027221679688,
  "duration": 0.5,
  "gap": 0.5,
  "amp": 1,
  "instrument": "acoustic-guitar"
}
,
{
  "freq": 130.80999755859375,
  "duration": 0.5,
  "gap": 0.5,
  "amp": 1,
  "instrument": "acoustic-guitar"
}
,
{
  "freq": 0,
  "duration": 0,
  "gap": 0,
  "amp": 0,
  "instrument": "dummy"
}

]