[
{
  "freq": 195.99354553222656,
  "duration": 0.5,
  "gap": 0.5,
  "amp": 1,
  "instrument": "acoustic-guitar"
}
,
{
  "freq": 146.82925415039062,
  "duration": 0.5,
  "gap": 0.5,
  "amp": 1,
  "instrument": "acoustic-guitar"
}
,
{
  "freq": 195.99354553222656,
  "duration": 0.5,
  "gap": 0.5,
  "amp": 1,
  "instrument": "acoustic-guitar"
}
,
{
  "freq": 174.6103973388672,
  "duration": 0.5,
  "gap": 0.5,
  "amp": 1,
  "instrument": "acoustic-guitar"
}
,
{
  "freq": 130.80999755859375,
  "duration": 0.5,
  "gap": 0.5,
  "amp": 1,
  "instrument": "acoustic-guitar"
}
,
{
  "freq": 130.80999755859375,
  "duration": 0.5,
  "gap": 0,
  "amp": 1,
  "instrument": "acoustic-guitar"
}
,
{
  "freq": 164.81027221679688,
  "duration": 0.5,
  "gap": 0,
  "amp": 1,
  "instrument": "acoustic-guitar"
}
,
{
  "freq": 195.99354553222656,
  "duration": 0.5,
  "gap": 0,
  "amp": 1,
  "instrument": "acoustic-guitar"
}
,
{
  "freq": 0.000000000000000000000011373491242306228,
  "duration": 0.5,
  "gap": 0.5,
  "amp": 0,
  "instrument": "acoustic-guitar"
}
,
{
  "freq": 0,
  "duration": 0,
  "gap": 0,
  "amp": 0,
  "instrument": "dummy"
}

]